c:\users\nigga\desktop\scootware-master\driver\final-drv\x64\release\vc143.pdb
c:\users\nigga\desktop\scootware-master\driver\final-drv\x64\release\hde64.obj
c:\users\nigga\desktop\scootware-master\driver\final-drv\x64\release\hde32.obj
c:\users\nigga\desktop\scootware-master\driver\final-drv\x64\release\hyperspace.obj
c:\users\nigga\desktop\scootware-master\driver\final-drv\x64\release\pt_hook.obj
c:\users\nigga\desktop\scootware-master\driver\final-drv\x64\release\detection.obj
c:\users\nigga\desktop\scootware-master\driver\final-drv\x64\release\validation.obj
c:\users\nigga\desktop\scootware-master\driver\final-drv\x64\release\mem.obj
c:\users\nigga\desktop\scootware-master\driver\final-drv\x64\release\page_table.obj
c:\users\nigga\desktop\scootware-master\driver\final-drv\x64\release\phys.obj
c:\users\nigga\desktop\scootware-master\driver\final-drv\x64\release\utils.obj
c:\users\nigga\desktop\scootware-master\driver\final-drv\x64\release\intrin.obj
c:\users\nigga\desktop\scootware-master\driver\final-drv\x64\release\globals.obj
c:\users\nigga\desktop\scootware-master\driver\final-drv\x64\release\injector_api.obj
c:\users\nigga\desktop\scootware-master\driver\final-drv\x64\release\mouse.obj
c:\users\nigga\desktop\scootware-master\driver\final-drv\x64\release\hwid_spoofer.obj
c:\users\nigga\desktop\scootware-master\driver\final-drv\x64\release\driver.obj
c:\users\nigga\desktop\scootware-master\driver\final-drv\x64\release\spoof_thunk.obj
c:\users\nigga\desktop\scootware-master\driver\final-drv\x64\release\driver.sys
c:\users\nigga\desktop\scootware-master\driver\final-drv\x64\release\driver.pdb
c:\users\nigga\desktop\scootware-master\driver\final-drv\x64\release\driver.tlog\cl.command.1.tlog
c:\users\nigga\desktop\scootware-master\driver\final-drv\x64\release\driver.tlog\cl.items.tlog
c:\users\nigga\desktop\scootware-master\driver\final-drv\x64\release\driver.tlog\cl.read.1.tlog
c:\users\nigga\desktop\scootware-master\driver\final-drv\x64\release\driver.tlog\cl.write.1.tlog
c:\users\nigga\desktop\scootware-master\driver\final-drv\x64\release\driver.tlog\custombuild.command.1.tlog
c:\users\nigga\desktop\scootware-master\driver\final-drv\x64\release\driver.tlog\custombuild.read.1.tlog
c:\users\nigga\desktop\scootware-master\driver\final-drv\x64\release\driver.tlog\custombuild.write.1.tlog
c:\users\nigga\desktop\scootware-master\driver\final-drv\x64\release\driver.tlog\link.command.1.tlog
c:\users\nigga\desktop\scootware-master\driver\final-drv\x64\release\driver.tlog\link.read.1.tlog
c:\users\nigga\desktop\scootware-master\driver\final-drv\x64\release\driver.tlog\link.secondary.1.tlog
c:\users\nigga\desktop\scootware-master\driver\final-drv\x64\release\driver.tlog\link.write.1.tlog
